ok  	github.com/Kong/kuma/pkg/api-server	1.320s
?   	github.com/Kong/kuma/pkg/api-server/definitions	[no test files]
?   	github.com/Kong/kuma/pkg/api-server/types	[no test files]
